==> deployment/smoke-test-gateway <==
ROUTE                      SERVICE   SUCCESS      RPS   LATENCY_P50   LATENCY_P95   LATENCY_P99
[DEFAULT]   smoke-test-gateway-svc     0.00%   0.0rps           0ms           0ms           0ms

==> deployment/smoke-test-terminus <==
ROUTE                         SERVICE   SUCCESS      RPS   LATENCY_P50   LATENCY_P95   LATENCY_P99
[DEFAULT]     smoke-test-terminus-svc     0.00%   0.0rps           0ms           0ms           0ms
theFunction   smoke-test-terminus-svc     0.00%   0.0rps           0ms           0ms           0ms

